// Jest Snapshot v1, https://goo.gl/fbAQLP

exports[`ArticleList renders correctly 1`] = `
<div>
  <h1>
    Articles
  </h1>
  <div
    style={
      Object {
        "marginBottom": "1em",
      }
    }
  >
    <h2
      style={
        Object {
          "marginBottom": "1em",
        }
      }
    />
    <p
      style={
        Object {
          "fontSize": "0.85em",
        }
      }
    >
      Invalid Date
    </p>
    <p
      style={
        Object {
          "fontSize": "0.75em",
        }
      }
    >
      <a
        href={undefined}
      >
         
      </a>
    </p>
    <p
      style={undefined}
    />
  </div>
  <div
    style={
      Object {
        "marginBottom": "1em",
      }
    }
  >
    <h2
      style={
        Object {
          "marginBottom": "1em",
        }
      }
    />
    <p
      style={
        Object {
          "fontSize": "0.85em",
        }
      }
    >
      Invalid Date
    </p>
    <p
      style={
        Object {
          "fontSize": "0.75em",
        }
      }
    >
      <a
        href={undefined}
      >
         
      </a>
    </p>
    <p
      style={undefined}
    />
  </div>
</div>
`;
